<html>
<body>
<pre>
<h1>µVision Build Log</h1>
<h2>Tool Versions:</h2>
IDE-Version: µVision V5.39.0.0
Copyright (C) 2023 ARM Ltd and ARM Germany GmbH. All rights reserved.
License Information: nguyen trong_thuy, non, LIC=----
 
Tool Versions:
Toolchain:       MDK-Lite  Version: 5.39.0.0
Toolchain Path:  C:\Keil_v5\ARM\ARMCLANG\Bin
C Compiler:      ArmClang.exe V6.21
Assembler:       Armasm.exe V6.21
Linker/Locator:  ArmLink.exe V6.21
Library Manager: ArmAr.exe V6.21
Hex Converter:   FromElf.exe V6.21
CPU DLL:         SARMCM3.DLL V5.39.0.0
Dialog DLL:      DCM.DLL V1.17.5.0
Target DLL:      UL2CM3.DLL V1.164.9.0
Dialog DLL:      TCM.DLL V1.56.4.0
 
<h2>Project:</h2>
E:\2.Embedded\microtroller\STM32fx\CortexMx\Arm_CortexMx\CortexMx_Keilv5\011_Task_sheduler\011_task_sheduler.uvprojx
Project File Date:  07/23/2024

<h2>Output:</h2>
*** Using Compiler 'V6.21', folder: 'C:\Keil_v5\ARM\ARMCLANG\Bin'
Rebuild target 'Target 1'
compiling Systick_Timer.c...
led.c(3): warning: In file included from...
./led.h(29): warning: no newline at end of file [-Wnewline-eof]
   29 | #endif /* LED_H_ */
      |                    ^
led.c(55): warning: no newline at end of file [-Wnewline-eof]
   55 | }
      |  ^
2 warnings generated.
compiling led.c...
assembling startup_stm32f407xx.s...
RTE/Device/STM32F407VGTx/system_stm32f4xx.c(263): warning: unsafe buffer access [-Wunsafe-buffer-usage]
  263 |   tmp = AHBPrescTable[((RCC->CFGR & RCC_CFGR_HPRE) >> 4)];
      |         ^~~~~~~~~~~~~
1 warning generated.
compiling system_stm32f4xx.c...
main.c(1): warning: In file included from...
./main.h(7): warning: In file included from...
./led.h(29): warning: no newline at end of file [-Wnewline-eof]
   29 | #endif /* LED_H_ */
      |                    ^
main.c(1): warning: In file included from...
./main.h(67): warning: padding struct 'struct Task_Control_Block' with 3 bytes to align 'task_handler' [-Wpadded]
   67 |         void (*task_handler)(void);
      |                ^
main.c(31): warning: function 'idle_task' could be declared with attribute 'noreturn' [-Wmissing-noreturn]
   31 | {
      | ^
main.c(70): warning: mixing declarations and code is incompatible with standards before C99 [-Wdeclaration-after-statement]
   70 |         uint16_t i, j;
      |                  ^
main.c(213): warning: function 'task1_handler' could be declared with attribute 'noreturn' [-Wmissing-noreturn]
  213 | {
      | ^
main.c(223): warning: function 'task2_handler' could be declared with attribute 'noreturn' [-Wmissing-noreturn]
  223 | {
      | ^
main.c(233): warning: function 'task3_handler' could be declared with attribute 'noreturn' [-Wmissing-noreturn]
  233 | {
      | ^
main.c(243): warning: function 'task4_handler' could be declared with attribute 'noreturn' [-Wmissing-noreturn]
  243 | {
      | ^
main.c(53): warning: unsafe buffer access [-Wunsafe-buffer-usage]
   53 |         user_tasks[1].current_state = TASK_READY_STATE;
      |         ^~~~~~~~~~
main.c(54): warning: unsafe buffer access [-Wunsafe-buffer-usage]
   54 |         user_tasks[2].current_state = TASK_READY_STATE;
      |         ^~~~~~~~~~
main.c(55): warning: unsafe buffer access [-Wunsafe-buffer-usage]
   55 |         user_tasks[3].current_state = TASK_READY_STATE;
      |         ^~~~~~~~~~
main.c(56): warning: unsafe buffer access [-Wunsafe-buffer-usage]
   56 |         user_tasks[3].current_state = TASK_READY_STATE;
      |         ^~~~~~~~~~
main.c(59): warning: unsafe buffer access [-Wunsafe-buffer-usage]
   59 |         user_tasks[1].psp_value = T1_STACK_START;
      |         ^~~~~~~~~~
main.c(60): warning: unsafe buffer access [-Wunsafe-buffer-usage]
   60 |         user_tasks[2].psp_value = T2_STACK_START;
      |         ^~~~~~~~~~
main.c(61): warning: unsafe buffer access [-Wunsafe-buffer-usage]
   61 |         user_tasks[3].psp_value = T3_STACK_START;
      |         ^~~~~~~~~~
main.c(62): warning: unsafe buffer access [-Wunsafe-buffer-usage]
   62 |         user_tasks[4].psp_value = T4_STACK_START;
      |         ^~~~~~~~~~
main.c(65): warning: unsafe buffer access [-Wunsafe-buffer-usage]
   65 |         user_tasks[1].task_handler = task1_handler;
      |         ^~~~~~~~~~
main.c(66): warning: unsafe buffer access [-Wunsafe-buffer-usage]
   66 |         user_tasks[2].task_handler = task2_handler;
      |         ^~~~~~~~~~
main.c(67): warning: unsafe buffer access [-Wunsafe-buffer-usage]
   67 |         user_tasks[3].task_handler = task3_handler;
      |         ^~~~~~~~~~
main.c(68): warning: unsafe buffer access [-Wunsafe-buffer-usage]
   68 |         user_tasks[4].task_handler = task4_handler;
      |         ^~~~~~~~~~
main.c(74): warning: unsafe buffer access [-Wunsafe-buffer-usage]
   74 |                 pPSP = (uint32_t *)user_tasks[i].psp_value;
      |                                    ^~~~~~~~~~
main.c(75): warning: unsafe pointer arithmetic [-Wunsafe-buffer-usage]
   75 |                 pPSP--;
      |                 ^~~~
main.c(77): warning: unsafe pointer arithmetic [-Wunsafe-buffer-usage]
   77 |                 pPSP--;
      |                 ^~~~
main.c(78): warning: unsafe buffer access [-Wunsafe-buffer-usage]
   78 |                 *pPSP = (uint32_t)user_tasks[i].task_handler;                   // PC
      |                                   ^~~~~~~~~~
main.c(79): warning: unsafe pointer arithmetic [-Wunsafe-buffer-usage]
   79 |                 pPSP--;
      |                 ^~~~
main.c(83): warning: unsafe pointer arithmetic [-Wunsafe-buffer-usage]
   83 |                         pPSP--;                                                                                 
      |                         ^~~~
main.c(86): warning: unsafe buffer access [-Wunsafe-buffer-usage]
   86 |                 user_tasks[i].psp_value = (uint32_t)pPSP;
      |                 ^~~~~~~~~~
main.c(92): warning: unsafe buffer access [-Wunsafe-buffer-usage]
   92 |         return user_tasks[current_task].psp_value;
      |                ^~~~~~~~~~
main.c(103): warning: unsafe buffer access [-Wunsafe-buffer-usage]
  103 |                 state = user_tasks[current_task].current_state;
      |                         ^~~~~~~~~~
main.c(111): warning: unsafe buffer access [-Wunsafe-buffer-usage]
  111 |         user_tasks[current_task].psp_value = current_PSP_value;
      |         ^~~~~~~~~~
main.c(151): warning: unsafe buffer access [-Wunsafe-buffer-usage]
  151 |                 if(user_tasks[i].current_state != TASK_READY_STATE)
      |                    ^~~~~~~~~~
main.c(153): warning: unsafe buffer access [-Wunsafe-buffer-usage]
  153 |                         if(user_tasks[i].block_count == g_tick_count)
      |                            ^~~~~~~~~~
main.c(155): warning: unsafe buffer access [-Wunsafe-buffer-usage]
  155 |                                 user_tasks[i].current_state = TASK_READY_STATE;
      |                                 ^~~~~~~~~~
main.c(203): warning: unsafe buffer access [-Wunsafe-buffer-usage]
  203 |                 user_tasks[current_task].block_count = g_tick_count + tick_count;
      |                 ^~~~~~~~~~
main.c(204): warning: unsafe buffer access [-Wunsafe-buffer-usage]
  204 |                 user_tasks[current_task].current_state = TASK_BLOCK_STATE;
      |                 ^~~~~~~~~~
35 warnings generated.
compiling main.c...
linking...
Program Size: Code=1804 RO-data=408 RW-data=0 ZI-data=1720  
".\Objects\011_task_sheduler.axf" - 0 Error(s), 38 Warning(s).

<h2>Software Packages used:</h2>

Package Vendor: ARM
                http://www.keil.com/pack/ARM.CMSIS.5.9.0.pack
                ARM::CMSIS@5.9.0
                CMSIS (Common Microcontroller Software Interface Standard)
   * Component: CORE Version: 5.6.0

Package Vendor: Keil
                https://www.keil.com/pack/Keil.STM32F4xx_DFP.2.17.1.pack
                Keil::STM32F4xx_DFP@2.17.1
                STMicroelectronics STM32F4 Series Device Support, Drivers and Examples
   * Component: Startup Version: 2.6.3

<h2>Collection of Component include folders:</h2>
  ./RTE/_Target_1
  C:/Users/ASUS/AppData/Local/Arm/Packs/ARM/CMSIS/5.9.0/CMSIS/Core/Include
  C:/Users/ASUS/AppData/Local/Arm/Packs/Keil/STM32F4xx_DFP/2.17.1/Drivers/CMSIS/Device/ST/STM32F4xx/Include

<h2>Collection of Component Files used:</h2>

   * Component: ARM::CMSIS:CORE@5.6.0

   * Component: Keil::Device:Startup@2.6.3
      Source file:   MDK/Device/Source/ARM/STM32F40xxx_41xxx_OPT.s
      Source file:   MDK/Device/Source/ARM/STM32F4xx_OTP.s
      Source file:   Drivers/CMSIS/Device/ST/STM32F4xx/Source/Templates/arm/startup_stm32f407xx.s
      Include file:  Drivers/CMSIS/Device/ST/STM32F4xx/Include/stm32f4xx.h
      Source file:   Drivers/CMSIS/Device/ST/STM32F4xx/Source/Templates/system_stm32f4xx.c
Build Time Elapsed:  00:00:01
</pre>
</body>
</html>
