<html>
<body>
<pre>
<h1>µVision Build Log</h1>
<h2>Tool Versions:</h2>
IDE-Version: µVision V5.39.0.0
Copyright (C) 2023 ARM Ltd and ARM Germany GmbH. All rights reserved.
License Information: nguyen trong_thuy, non, LIC=----
 
Tool Versions:
Toolchain:       MDK-Lite  Version: 5.39.0.0
Toolchain Path:  C:\Keil_v5\ARM\ARMCLANG\Bin
C Compiler:      ArmClang.exe V6.21
Assembler:       Armasm.exe V6.21
Linker/Locator:  ArmLink.exe V6.21
Library Manager: ArmAr.exe V6.21
Hex Converter:   FromElf.exe V6.21
CPU DLL:         SARMCM3.DLL V5.39.0.0
Dialog DLL:      DCM.DLL V1.17.5.0
Target DLL:      UL2CM3.DLL V1.164.9.0
Dialog DLL:      TCM.DLL V1.56.4.0
 
<h2>Project:</h2>
E:\2.Embedded\microtroller\ARM_cortex\CortexMx_Keilv5\008_Fault_handling\008_Fault_handling.uvprojx
Project File Date:  07/18/2024

<h2>Output:</h2>
*** Using Compiler 'V6.21', folder: 'C:\Keil_v5\ARM\ARMCLANG\Bin'
Build target 'Target 1'
main.c(23): warning: assigning to 'void (*)(void)' from 'void *' converts between void pointer and function pointer [-Wpedantic]
   23 |         some_address = (void *)pSRAM;
      |                      ^ ~~~~~~~~~~~~~
main.c(20): warning: mixing declarations and code is incompatible with standards before C99 [-Wdeclaration-after-statement]
   20 |         uint32_t *pSRAM = (uint32_t *)0x20010000;
      |                   ^
main.c(62): warning: mixing declarations and code is incompatible with standards before C99 [-Wdeclaration-after-statement]
   62 |         uint32_t *pUFSR = (uint32_t*)0xE000ED2A;
      |                   ^
main.c(55): warning: unsafe buffer access [-Wunsafe-buffer-usage]
   55 |         printf("value of R1: %#x",pBaseStackFrame[1]);
      |                                   ^~~~~~~~~~~~~~~
main.c(56): warning: unsafe buffer access [-Wunsafe-buffer-usage]
   56 |         printf("value of R2: %#x",pBaseStackFrame[2]);
      |                                   ^~~~~~~~~~~~~~~
main.c(57): warning: unsafe buffer access [-Wunsafe-buffer-usage]
   57 |         printf("value of R3: %#x",pBaseStackFrame[3]);
      |                                   ^~~~~~~~~~~~~~~
main.c(58): warning: unsafe buffer access [-Wunsafe-buffer-usage]
   58 |         printf("value of R12: %#x",pBaseStackFrame[4]);
      |                                    ^~~~~~~~~~~~~~~
main.c(59): warning: unsafe buffer access [-Wunsafe-buffer-usage]
   59 |         printf("value of LR: %#x",pBaseStackFrame[5]);
      |                                   ^~~~~~~~~~~~~~~
main.c(60): warning: unsafe buffer access [-Wunsafe-buffer-usage]
   60 |         printf("value of PC: %#x",pBaseStackFrame[6]);
      |                                   ^~~~~~~~~~~~~~~
main.c(61): warning: unsafe buffer access [-Wunsafe-buffer-usage]
   61 |         printf("value of XPSR: %#x",pBaseStackFrame[7]);
      |                                     ^~~~~~~~~~~~~~~
10 warnings generated.
compiling main.c...
linking...
Program Size: Code=9892 RO-data=1160 RW-data=12 ZI-data=1888  
".\Objects\008_Fault_handling.axf" - 0 Error(s), 10 Warning(s).

<h2>Software Packages used:</h2>

Package Vendor: ARM
                http://www.keil.com/pack/ARM.CMSIS.5.9.0.pack
                ARM::CMSIS@5.9.0
                CMSIS (Common Microcontroller Software Interface Standard)
   * Component: CORE Version: 5.6.0

Package Vendor: Keil
                https://www.keil.com/pack/Keil.STM32F4xx_DFP.2.17.1.pack
                Keil::STM32F4xx_DFP@2.17.1
                STMicroelectronics STM32F4 Series Device Support, Drivers and Examples
   * Component: Startup Version: 2.6.3

<h2>Collection of Component include folders:</h2>
  ./RTE/_Target_1
  C:/Users/ASUS/AppData/Local/Arm/Packs/ARM/CMSIS/5.9.0/CMSIS/Core/Include
  C:/Users/ASUS/AppData/Local/Arm/Packs/Keil/STM32F4xx_DFP/2.17.1/Drivers/CMSIS/Device/ST/STM32F4xx/Include

<h2>Collection of Component Files used:</h2>

   * Component: ARM::CMSIS:CORE@5.6.0

   * Component: Keil::Device:Startup@2.6.3
      Source file:   Drivers/CMSIS/Device/ST/STM32F4xx/Source/Templates/arm/startup_stm32f407xx.s
      Source file:   MDK/Device/Source/ARM/STM32F4xx_OTP.s
      Include file:  Drivers/CMSIS/Device/ST/STM32F4xx/Include/stm32f4xx.h
      Source file:   MDK/Device/Source/ARM/STM32F40xxx_41xxx_OPT.s
      Source file:   Drivers/CMSIS/Device/ST/STM32F4xx/Source/Templates/system_stm32f4xx.c
Build Time Elapsed:  00:00:00
</pre>
</body>
</html>
